Microchip MPLAB XC8 Compiler V2.20

Linker command line:

-W-3 --edf=C:\Program Files\Microchip\xc8\v2.20\pic\dat\en_msgs.txt -cn \
  -h+dist/default/production\Timer_Int_LCD.X.production.sym \
  --cmf=dist/default/production\Timer_Int_LCD.X.production.cmf -z -Q18F4550 \
  -oC:\Users\Wels\AppData\Local\Temp\s9so.2 --defsym=__MPLAB_BUILD=1 \
  -Mdist/default/production/Timer_Int_LCD.X.production.map -E1 \
  -ver=XC8 Compiler --acfsm=1493 -ASTACK=060h-07FFh -pstack=STACK \
  -ACODE=00h-07FFFh -ACONST=00h-07FFFh -ASMALLCONST=0800h-08FFhx120 \
  -AMEDIUMCONST=0800h-07FFFh -ACOMRAM=01h-05Fh -AABS1=00h-07FFh \
  -ABIGRAM=01h-07FFh -ARAM=060h-0FFh,0100h-01FFhx7 -ABANK0=060h-0FFh \
  -ABANK1=0100h-01FFh -ABANK2=0200h-02FFh -ABANK3=0300h-03FFh \
  -ABANK4=0400h-04FFh -ABANK5=0500h-05FFh -ABANK6=0600h-06FFh \
  -ABANK7=0700h-07FFh -ASFR=0F60h-0FFFh -ACONFIG=0300000h-030000Dh \
  -AIDLOC=0200000h-0200007h \
  -preset_vec=00h,intcode=08h,intcodelo=018h,powerup,init -pramtop=0800h \
  -psmallconst=SMALLCONST -pmediumconst=MEDIUMCONST -pconst=CONST \
  -AFARRAM=00h-00h -AEEDATA=0F00000h-0F000FFh -peeprom_data=EEDATA \
  -prdata=COMRAM,nvrram=COMRAM,nvbit=COMRAM,rbss=COMRAM,rbit=COMRAM \
  -pfarbss=FARRAM,fardata=FARRAM,nvFARRAM=FARRAM \
  -pintsave_regs=BIGRAM,bigbss=BIGRAM,bigdata=BIGRAM -pbss=RAM \
  -pidata=CODE,irdata=CODE,ibigdata=CODE,ifardata=CODE -prparam=COMRAM \
  C:\Users\Wels\AppData\Local\Temp\s9so.o \
  dist/default/production\Timer_Int_LCD.X.production.o 

Object code version is 3.11

Machine type is 18F4550



                Name                               Link     Load   Length Selector   Space Scale
C:\Users\Wels\AppData\Local\Temp\s9so.o
                idloc                            200000   200000        8        0       5
                config                           300000   300000        E        0       4
                init                                 7C       7C        4        C       0
                reset_vec                             0        0        4        0       0
dist/default/production\Timer_Int_LCD.X.production.o
                intcodelo                            18       18       64        C       0
                intcode                               8        8        6        4       0
                idloc                            200000   200000        8        0       5
                config                           300000   300000        E        0       4
                temp                                  F        F        1        1       1
                smallconst                          800      800       10      400       0
                intcode_body                        9F0      9F0       48      408       0
                text7                               AD8      AD8       10      408       0
                text6                               986      986       6A      408       0
                text5                               A38      A38       3E      408       0
                text4                               91C      91C       6A      408       0
                text3                               8A6      8A6       76      408       0
                text2                               A76      A76       30      408       0
                text1                               AC0      AC0       18      408       0
                text0                               810      810       96      408       0
                cstackCOMRAM                          1        1        A        1       1
                bssCOMRAM                             B        B        4        1       1
                cinit                               AA6      AA6       1A      408       0

TOTAL           Name                               Link     Load   Length     Space
        CLASS   STACK          

        CLASS   CODE           
                intcodelo                            18       18       64         0
                intcode                               8        8        6         0
                init                                 7C       7C        4         0
                reset_vec                             0        0        4         0
                intcode_body                        9F0      9F0       48         0
                text7                               AD8      AD8       10         0
                text6                               986      986       6A         0
                text5                               A38      A38       3E         0
                text4                               91C      91C       6A         0
                text3                               8A6      8A6       76         0
                text2                               A76      A76       30         0
                text1                               AC0      AC0       18         0
                text0                               810      810       96         0
                cinit                               AA6      AA6       1A         0

        CLASS   CONST          

        CLASS   SMALLCONST     
                smallconst                          800      800       10         0

        CLASS   MEDIUMCONST    

        CLASS   COMRAM         
                temp                                  F        F        1         1
                cstackCOMRAM                          1        1        A         1
                bssCOMRAM                             B        B        4         1

        CLASS   ABS1           

        CLASS   BIGRAM         

        CLASS   RAM            

        CLASS   BANK0          

        CLASS   BANK1          

        CLASS   BANK2          

        CLASS   BANK3          

        CLASS   BANK4          

        CLASS   BANK5          

        CLASS   BANK6          

        CLASS   BANK7          

        CLASS   SFR            

        CLASS   CONFIG         
                config                           300000   300000        E         4

        CLASS   IDLOC          
                idloc                            200000   200000        8         5

        CLASS   FARRAM         

        CLASS   EEDATA         



SEGMENTS        Name                           Load    Length   Top    Selector   Space  Class

                reset_vec                      000000  000004  000004         0       0  CODE    
                cstackCOMRAM                   000001  00000F  000010         1       1  COMRAM  
                intcode                        000008  000006  00000E         4       0  CODE    
                intcodelo                      000018  000068  000080         C       0  CODE    
                smallconst                     000800  000010  000810       400       0  SMALLCON
                text0                          000810  0002D8  000AE8       408       0  CODE    


UNUSED ADDRESS RANGES

        Name                Unused          Largest block    Delta
        BANK0            000060-0000FF               A0
        BANK1            000100-0001FF              100
        BANK2            000200-0002FF              100
        BANK3            000300-0003FF              100
        BANK4            000400-0004FF              100
        BANK5            000500-0005FF              100
        BANK6            000600-0006FF              100
        BANK7            000700-0007FF              100
        BIGRAM           000010-0007FF              7F0
        CODE             000004-000007                4
                         00000E-000017                A
                         000080-0007FF              780
                         000AE8-007FFF             7518
        COMRAM           000010-00005F               50
        CONST            000004-000007                4
                         00000E-000017                A
                         000080-0007FF              780
                         000AE8-007FFF             7518
        EEDATA           F00000-F000FF              100
        MEDIUMCONST      000AE8-007FFF             7518
        RAM              000060-0007FF              100
        SFR              000F60-000FFF               A0
        SMALLCONST       000AE8-007FFF              100
        STACK            000060-0007FF              7A0

                                  Symbol Table

LCD_Cadena@dato          cstackCOMRAM 000007
LCD_Comando@cmd          cstackCOMRAM 000006
LCD_Data@data            cstackCOMRAM 000006
LCD_XY@x                 cstackCOMRAM 000007
LCD_XY@y                 cstackCOMRAM 000009
_INT0_Ext                intcode      000008
_INTCON2bits             (abs)        000FF1
_INTCONbits              (abs)        000FF2
_Int_Ext                 text7        000AD8
_LATD                    (abs)        000F8C
_LATDbits                (abs)        000F8C
_LCD_Cadena              text5        000A38
_LCD_Comando             text4        00091C
_LCD_Data                text6        000986
_LCD_Init                text3        0008A6
_LCD_XY                  text2        000A76
_RCONbits                (abs)        000FD0
_T0CONbits               (abs)        000FD5
_TMR0L                   (abs)        000FD6
_TMR0_Ext                intcodelo    000018
_TRISBbits               (abs)        000F93
_TRISD                   (abs)        000F95
_Timer0_Init             text1        000AC0
__HRAM                   (abs)        000000
__Habs1                  abs1         000000
__Hbank0                 bank0        000000
__Hbank1                 bank1        000000
__Hbank2                 bank2        000000
__Hbank3                 bank3        000000
__Hbank4                 bank4        000000
__Hbank5                 bank5        000000
__Hbank6                 bank6        000000
__Hbank7                 bank7        000000
__Hbigbss                bigbss       000000
__Hbigdata               bigdata      000000
__Hbigram                bigram       000000
__Hbss                   bss          000000
__HbssCOMRAM             bssCOMRAM    000000
__Hcinit                 cinit        000000
__Hclrtext               clrtext      000000
__Hcomram                comram       000000
__Hconfig                config       30000E
__Hconst                 const        000000
__HcstackCOMRAM          cstackCOMRAM 000000
__Hdata                  data         000000
__Heeprom_data           eeprom_data  000000
__Hfarbss                farbss       000000
__Hfardata               fardata      000000
__Hibigdata              ibigdata     000000
__Hidata                 idata        000000
__Hidloc                 idloc        200008
__Hifardata              ifardata     000000
__Hinit                  init         000080
__Hintcode               intcode      00000E
__Hintcode_body          intcode_body 000000
__Hintcodelo             intcodelo    00007C
__Hintentry              intentry     000000
__Hintret                intret       000000
__Hintsave_regs          intsave_regs 000000
__Hirdata                irdata       000000
__Hmediumconst           mediumconst  000000
__HnvFARRAM              nvFARRAM     000000
__Hnvbit                 nvbit        000000
__Hnvrram                nvrram       000000
__Hparam                 rparam       000000
__Hpowerup               powerup      00007C
__Hram                   ram          000000
__Hramtop                ramtop       000800
__Hrbit                  rbit         000000
__Hrbss                  rbss         000000
__Hrdata                 rdata        000000
__Hreset_vec             reset_vec    000004
__Hrparam                rparam       000000
__Hsfr                   sfr          000000
__Hsmallconst            smallconst   000810
__Hspace_0               (abs)        000AE8
__Hspace_1               (abs)        000010
__Hspace_2               (abs)        000000
__Hspace_4               (abs)        60000E
__Hstack                 stack        000000
__Hstruct                struct       000000
__Htemp                  temp         000010
__Htext                  text         000000
__Htext0                 text0        000000
__Htext1                 text1        000000
__Htext2                 text2        000000
__Htext3                 text3        000000
__Htext4                 text4        000000
__Htext5                 text5        000000
__Htext6                 text6        000000
__Htext7                 text7        000000
__LRAM                   (abs)        000001
__Labs1                  abs1         000000
__Lbank0                 bank0        000000
__Lbank1                 bank1        000000
__Lbank2                 bank2        000000
__Lbank3                 bank3        000000
__Lbank4                 bank4        000000
__Lbank5                 bank5        000000
__Lbank6                 bank6        000000
__Lbank7                 bank7        000000
__Lbigbss                bigbss       000000
__Lbigdata               bigdata      000000
__Lbigram                bigram       000000
__Lbss                   bss          000000
__LbssCOMRAM             bssCOMRAM    000000
__Lcinit                 cinit        000000
__Lclrtext               clrtext      000000
__Lcomram                comram       000000
__Lconfig                config       000000
__Lconst                 const        000000
__LcstackCOMRAM          cstackCOMRAM 000000
__Ldata                  data         000000
__Leeprom_data           eeprom_data  000000
__Lfarbss                farbss       000000
__Lfardata               fardata      000000
__Libigdata              ibigdata     000000
__Lidata                 idata        000000
__Lidloc                 idloc        000000
__Lifardata              ifardata     000000
__Linit                  init         00007C
__Lintcode               intcode      000008
__Lintcode_body          intcode_body 000000
__Lintcodelo             intcodelo    000018
__Lintentry              intentry     000000
__Lintret                intret       000000
__Lintsave_regs          intsave_regs 000000
__Lirdata                irdata       000000
__Lmediumconst           mediumconst  000000
__LnvFARRAM              nvFARRAM     000000
__Lnvbit                 nvbit        000000
__Lnvrram                nvrram       000000
__Lparam                 rparam       000000
__Lpowerup               powerup      00007C
__Lram                   ram          000000
__Lramtop                ramtop       000800
__Lrbit                  rbit         000000
__Lrbss                  rbss         000000
__Lrdata                 rdata        000000
__Lreset_vec             reset_vec    000000
__Lrparam                rparam       000000
__Lsfr                   sfr          000000
__Lsmallconst            smallconst   000800
__Lspace_0               (abs)        000000
__Lspace_1               (abs)        000000
__Lspace_2               (abs)        000000
__Lspace_4               (abs)        000000
__Lstack                 stack        000000
__Lstruct                struct       000000
__Ltemp                  temp         00000F
__Ltext                  text         000000
__Ltext0                 text0        000000
__Ltext1                 text1        000000
__Ltext2                 text2        000000
__Ltext3                 text3        000000
__Ltext4                 text4        000000
__Ltext5                 text5        000000
__Ltext6                 text6        000000
__Ltext7                 text7        000000
__S0                     (abs)        000AE8
__S1                     (abs)        000010
__S2                     (abs)        000000
__S4                     (abs)        000000
__S5                     (abs)        000000
___inthi_sp              stack        000000
___intlo_sp              stack        000000
___param_bank            (abs)        000000
___rparam_used           (abs)        000001
___sp                    stack        000000
__accesstop              (abs)        000060
__activetblptr           (abs)        000001
__end_of_INT0_Ext        intcode_body 000A38
__end_of_Int_Ext         text7        000AE8
__end_of_LCD_Cadena      text5        000A76
__end_of_LCD_Comando     text4        000986
__end_of_LCD_Data        text6        0009F0
__end_of_LCD_Init        text3        00091C
__end_of_LCD_XY          text2        000AA6
__end_of_TMR0_Ext        intcodelo    00007C
__end_of_Timer0_Init     text1        000AD8
__end_of__initialization cinit        000AAE
__end_of_main            text0        0008A6
__initialization         cinit        000AA6
__mediumconst            mediumconst  000000
__pbssCOMRAM             bssCOMRAM    00000B
__pcinit                 cinit        000AA6
__pcstackCOMRAM          cstackCOMRAM 000001
__pintcode               intcode      000008
__pintcode_body          intcode_body 0009F0
__pintcodelo             intcodelo    000018
__psmallconst            smallconst   000800
__ptext0                 text0        000810
__ptext1                 text1        000AC0
__ptext2                 text2        000A76
__ptext3                 text3        0008A6
__ptext4                 text4        00091C
__ptext5                 text5        000A38
__ptext6                 text6        000986
__ptext7                 text7        000AD8
__ramtop                 ramtop       000800
__size_of_INT0_Ext       (abs)        000000
__size_of_Int_Ext        (abs)        000000
__size_of_LCD_Cadena     (abs)        000000
__size_of_LCD_Comando    (abs)        000000
__size_of_LCD_Data       (abs)        000000
__size_of_LCD_Init       (abs)        000000
__size_of_LCD_XY         (abs)        000000
__size_of_TMR0_Ext       (abs)        000000
__size_of_Timer0_Init    (abs)        000000
__size_of_main           (abs)        000000
__smallconst             smallconst   000800
_i                       bssCOMRAM    00000B
_main                    text0        000810
_x                       bssCOMRAM    00000D
btemp                    temp         00000F
end_of_initialization    cinit        000AAE
int$flags                temp         00000F
int_func                 intcode_body 0009F0
intlevel0                text         000000
intlevel1                text         000000
intlevel2                text         000000
intlevel3                text         000000
stackhi                  (abs)        0007FF
stacklo                  (abs)        000060
start                    init         00007C
start_initialization     cinit        000AA6
ttemp5                   temp         000010
ttemp6                   temp         000013
ttemp7                   temp         000017
wtemp8                   temp         000010


FUNCTION INFORMATION:

 *************** function _main *****************
 Defined at:
		line 17 in file "Programa_principal.c"
 Parameters:    Size  Location     Type
		None
 Auto vars:     Size  Location     Type
		None
 Return value:  Size  Location     Type
                  1    wreg      void 
 Registers used:
		wreg, status,2, status,0, tblptrl, tblptrh, tblptru, cstack
 Tracked objects:
		On entry : 
		On exit  : 
		Unchanged: 
 Data sizes:     COMRAM   BANK0   BANK1   BANK2   BANK3   BANK4   BANK5   BANK6   BANK7
      Params:         0       0       0       0       0       0       0       0       0
      Locals:         0       0       0       0       0       0       0       0       0
      Temps:          0       0       0       0       0       0       0       0       0
      Totals:         0       0       0       0       0       0       0       0       0
Total ram usage:        0 bytes
 Hardware stack levels required when called:    4
 This function calls:
		_Int_Ext
		_LCD_Cadena
		_LCD_Comando
		_LCD_Init
		_LCD_XY
		_Timer0_Init
 This function is called by:
		Startup code after reset
 This function uses a non-reentrant model


 *************** function _Timer0_Init *****************
 Defined at:
		line 24 in file "Timer0_Libreria.c"
 Parameters:    Size  Location     Type
		None
 Auto vars:     Size  Location     Type
		None
 Return value:  Size  Location     Type
                  1    wreg      void 
 Registers used:
		wreg, status,2
 Tracked objects:
		On entry : 
		On exit  : 
		Unchanged: 
 Data sizes:     COMRAM   BANK0   BANK1   BANK2   BANK3   BANK4   BANK5   BANK6   BANK7
      Params:         0       0       0       0       0       0       0       0       0
      Locals:         0       0       0       0       0       0       0       0       0
      Temps:          0       0       0       0       0       0       0       0       0
      Totals:         0       0       0       0       0       0       0       0       0
Total ram usage:        0 bytes
 Hardware stack levels used:    1
 Hardware stack levels required when called:    2
 This function calls:
		Nothing
 This function is called by:
		_main
 This function uses a non-reentrant model


 *************** function _LCD_XY *****************
 Defined at:
		line 87 in file "LCD_Libreria.c"
 Parameters:    Size  Location     Type
  x               2    6[COMRAM] int 
  y               2    8[COMRAM] int 
 Auto vars:     Size  Location     Type
		None
 Return value:  Size  Location     Type
                  1    wreg      void 
 Registers used:
		wreg, status,2, status,0, cstack
 Tracked objects:
		On entry : 
		On exit  : 
		Unchanged: 
 Data sizes:     COMRAM   BANK0   BANK1   BANK2   BANK3   BANK4   BANK5   BANK6   BANK7
      Params:         4       0       0       0       0       0       0       0       0
      Locals:         0       0       0       0       0       0       0       0       0
      Temps:          0       0       0       0       0       0       0       0       0
      Totals:         4       0       0       0       0       0       0       0       0
Total ram usage:        4 bytes
 Hardware stack levels used:    1
 Hardware stack levels required when called:    3
 This function calls:
		_LCD_Comando
 This function is called by:
		_main
 This function uses a non-reentrant model


 *************** function _LCD_Init *****************
 Defined at:
		line 6 in file "LCD_Libreria.c"
 Parameters:    Size  Location     Type
		None
 Auto vars:     Size  Location     Type
		None
 Return value:  Size  Location     Type
                  1    wreg      void 
 Registers used:
		wreg, status,2, status,0, cstack
 Tracked objects:
		On entry : 
		On exit  : 
		Unchanged: 
 Data sizes:     COMRAM   BANK0   BANK1   BANK2   BANK3   BANK4   BANK5   BANK6   BANK7
      Params:         0       0       0       0       0       0       0       0       0
      Locals:         0       0       0       0       0       0       0       0       0
      Temps:          2       0       0       0       0       0       0       0       0
      Totals:         2       0       0       0       0       0       0       0       0
Total ram usage:        2 bytes
 Hardware stack levels used:    1
 Hardware stack levels required when called:    3
 This function calls:
		_LCD_Comando
 This function is called by:
		_main
 This function uses a non-reentrant model


 *************** function _LCD_Comando *****************
 Defined at:
		line 23 in file "LCD_Libreria.c"
 Parameters:    Size  Location     Type
  cmd             1    wreg     unsigned char 
 Auto vars:     Size  Location     Type
  cmd             1    5[COMRAM] unsigned char 
 Return value:  Size  Location     Type
                  1    wreg      void 
 Registers used:
		wreg, status,2, status,0
 Tracked objects:
		On entry : 
		On exit  : 
		Unchanged: 
 Data sizes:     COMRAM   BANK0   BANK1   BANK2   BANK3   BANK4   BANK5   BANK6   BANK7
      Params:         0       0       0       0       0       0       0       0       0
      Locals:         1       0       0       0       0       0       0       0       0
      Temps:          1       0       0       0       0       0       0       0       0
      Totals:         2       0       0       0       0       0       0       0       0
Total ram usage:        2 bytes
 Hardware stack levels used:    1
 Hardware stack levels required when called:    2
 This function calls:
		Nothing
 This function is called by:
		_LCD_Init
		_LCD_XY
		_main
 This function uses a non-reentrant model


 *************** function _LCD_Cadena *****************
 Defined at:
		line 96 in file "LCD_Libreria.c"
 Parameters:    Size  Location     Type
  dato            2    6[COMRAM] PTR const unsigned char 
		 -> STR_2(5), STR_1(8), 
 Auto vars:     Size  Location     Type
		None
 Return value:  Size  Location     Type
                  1    wreg      void 
 Registers used:
		wreg, status,2, status,0, tblptrl, tblptrh, tblptru, cstack
 Tracked objects:
		On entry : 
		On exit  : 
		Unchanged: 
 Data sizes:     COMRAM   BANK0   BANK1   BANK2   BANK3   BANK4   BANK5   BANK6   BANK7
      Params:         2       0       0       0       0       0       0       0       0
      Locals:         0       0       0       0       0       0       0       0       0
      Temps:          0       0       0       0       0       0       0       0       0
      Totals:         2       0       0       0       0       0       0       0       0
Total ram usage:        2 bytes
 Hardware stack levels used:    1
 Hardware stack levels required when called:    3
 This function calls:
		_LCD_Data
 This function is called by:
		_main
 This function uses a non-reentrant model


 *************** function _LCD_Data *****************
 Defined at:
		line 64 in file "LCD_Libreria.c"
 Parameters:    Size  Location     Type
  data            1    wreg     unsigned char 
 Auto vars:     Size  Location     Type
  data            1    5[COMRAM] unsigned char 
 Return value:  Size  Location     Type
                  1    wreg      void 
 Registers used:
		wreg, status,2, status,0
 Tracked objects:
		On entry : 
		On exit  : 
		Unchanged: 
 Data sizes:     COMRAM   BANK0   BANK1   BANK2   BANK3   BANK4   BANK5   BANK6   BANK7
      Params:         0       0       0       0       0       0       0       0       0
      Locals:         1       0       0       0       0       0       0       0       0
      Temps:          1       0       0       0       0       0       0       0       0
      Totals:         2       0       0       0       0       0       0       0       0
Total ram usage:        2 bytes
 Hardware stack levels used:    1
 Hardware stack levels required when called:    2
 This function calls:
		Nothing
 This function is called by:
		_LCD_Cadena
 This function uses a non-reentrant model


 *************** function _Int_Ext *****************
 Defined at:
		line 8 in file "Interrupt.c"
 Parameters:    Size  Location     Type
		None
 Auto vars:     Size  Location     Type
		None
 Return value:  Size  Location     Type
                  1    wreg      void 
 Registers used:
		None
 Tracked objects:
		On entry : 
		On exit  : 
		Unchanged: 
 Data sizes:     COMRAM   BANK0   BANK1   BANK2   BANK3   BANK4   BANK5   BANK6   BANK7
      Params:         0       0       0       0       0       0       0       0       0
      Locals:         0       0       0       0       0       0       0       0       0
      Temps:          0       0       0       0       0       0       0       0       0
      Totals:         0       0       0       0       0       0       0       0       0
Total ram usage:        0 bytes
 Hardware stack levels used:    1
 Hardware stack levels required when called:    2
 This function calls:
		Nothing
 This function is called by:
		_main
 This function uses a non-reentrant model


 *************** function _TMR0_Ext *****************
 Defined at:
		line 41 in file "Interrupt.c"
 Parameters:    Size  Location     Type
		None
 Auto vars:     Size  Location     Type
		None
 Return value:  Size  Location     Type
                  1    wreg      void 
 Registers used:
		wreg, status,2, status,0
 Tracked objects:
		On entry : 
		On exit  : 
		Unchanged: 
 Data sizes:     COMRAM   BANK0   BANK1   BANK2   BANK3   BANK4   BANK5   BANK6   BANK7
      Params:         0       0       0       0       0       0       0       0       0
      Locals:         0       0       0       0       0       0       0       0       0
      Temps:          4       0       0       0       0       0       0       0       0
      Totals:         4       0       0       0       0       0       0       0       0
Total ram usage:        4 bytes
 Hardware stack levels used:    1
 Hardware stack levels required when called:    1
 This function calls:
		Nothing
 This function is called by:
		Interrupt level 1
 This function uses a non-reentrant model


 *************** function _INT0_Ext *****************
 Defined at:
		line 28 in file "Interrupt.c"
 Parameters:    Size  Location     Type
		None
 Auto vars:     Size  Location     Type
		None
 Return value:  Size  Location     Type
                  1    wreg      void 
 Registers used:
		wreg, status,2, status,0
 Tracked objects:
		On entry : 
		On exit  : 
		Unchanged: 
 Data sizes:     COMRAM   BANK0   BANK1   BANK2   BANK3   BANK4   BANK5   BANK6   BANK7
      Params:         0       0       0       0       0       0       0       0       0
      Locals:         0       0       0       0       0       0       0       0       0
      Temps:          0       0       0       0       0       0       0       0       0
      Totals:         0       0       0       0       0       0       0       0       0
Total ram usage:        0 bytes
 Hardware stack levels used:    1
 This function calls:
		Nothing
 This function is called by:
		Interrupt level 2
 This function uses a non-reentrant model



MODULE INFORMATION

Module		Function		Class		Link	Load	Size
Timer0_Libreria.c
		_Timer0_Init   		CODE           	0AC0	0000	25

Timer0_Libreria.c estimated size: 25

Programa_principal.c
		_main          		CODE           	0810	0000	151

Programa_principal.c estimated size: 151

LCD_Libreria.c
		_LCD_Init      		CODE           	08A6	0000	119
		_LCD_Cadena    		CODE           	0A38	0000	63
		_LCD_Comando   		CODE           	091C	0000	107
		_LCD_XY        		CODE           	0A76	0000	49
		_LCD_Data      		CODE           	0986	0000	107

LCD_Libreria.c estimated size: 445

shared
		__initialization		CODE           	0AA6	0000	9

shared estimated size: 9

Interrupt.c
		_Int_Ext       		CODE           	0AD8	0000	17
		_INT0_Ext      		CODE           	0008	0000	79
		_TMR0_Ext      		CODE           	0018	0000	101

Interrupt.c estimated size: 197

